// Jest Snapshot v1, https://goo.gl/fbAQLP

exports[`ConfirmedCard renderes snapshot 1`] = `
<div
  class="card"
>
  <div
    class="card-body"
  >
    <div
      class="card-title h5"
    >
      Worldwide
      : 
      <span>
        <span>
          +0
        </span>
      </span>
      <i
        class="fas fa-frown-open"
      />
    </div>
    <canvas
      class="chartjs-render-monitor"
      height="0"
      style="display: block;"
      width="0"
    />
    <p
      class="card-text"
    >
      25,694,157
      <span
        class="text-muted"
        id="update"
      >
        Tue Sep 01 2020
      </span>
    </p>
  </div>
</div>
`;
