// Jest Snapshot v1, https://goo.gl/fbAQLP

exports[`Filter renders snapshot 1`] = `
<div
  id="form"
>
  <form
    data-testid="form"
  >
    <input
      placeholder="Search ..."
      type="text"
      value=""
    />
  </form>
</div>
`;
