// Jest Snapshot v1, https://goo.gl/fbAQLP

exports[`App renders snapshot 1`] = `
<div
  class="container"
>
  <div
    class="row"
  >
    <div
      class="col-lg-12 col-md-12"
      id="map-container"
    >
      <div
        class=""
        id="map-component"
      >
        <div
          id="table-container"
        >
          <div
            class="spinner-border text-dark"
            id="spinner"
            role="status"
          />
        </div>
        <div
          style="position: relative; width: 593.92px; height: 499.20000000000005px; cursor: grab; outline: none;"
          tabindex="0"
        >
          <div
            style="position: relative; width: 100%; height: 100%;"
          >
            <div
              class=""
              style="position: absolute; width: 100%; height: 100%; overflow: hidden; visibility: inherit;"
            />
            <div
              style="overflow: visible; height: 0px; width: 0px;"
            />
            <div
              class="resize-triggers"
            >
              <div
                class="expand-trigger"
              >
                <div
                  style="width: 1px; height: 1px;"
                />
              </div>
              <div
                class="contract-trigger"
              />
            </div>
          </div>
        </div>
      </div>
    </div>
  </div>
  <div
    class="row"
    id="data-nhs-news"
  >
    <div
      class="col-xl-9 col-lg-12 col-md-7"
      id="data-cards-container"
    >
      <div>
        <div
          class="spinner-border text-dark"
          id="spinner-cards"
          role="status"
        />
      </div>
      <div
        class="row"
      >
        <div
          class="col-lg-12"
          id="nhs-container"
        >
          <div
            id="nhs"
          >
            <div
              class="spinner-border text-dark"
              id="spinner-nhs"
              role="status"
            />
          </div>
        </div>
      </div>
    </div>
    <div
      class="col-xl-3 col-lg-12 col-md-5"
      id="news-container"
    >
      <div
        class="news row"
      >
        <div
          class="spinner-border text-dark"
          id="spinner-news"
          role="status"
        />
      </div>
    </div>
  </div>
</div>
`;
