// Jest Snapshot v1, https://goo.gl/fbAQLP

exports[`MarkerComponent renders a snapshot 1`] = `
<div
  id="popup"
/>
`;
