// Jest Snapshot v1, https://goo.gl/fbAQLP

exports[`PopupComponent renders snapshot 1`] = `
<div
  id="popup"
/>
`;
